--- Starting Invoice Test ---
Login OK
Location ID: 6974e1b39cff9b5e3007798c
Sample ID: 69750877daa0b393819a6dcd
Creating Invoice...
node : Invoice Error: {
At line:1 char:1
+ node test_invoice.js 
> error_log.txt 2>&1
+ ~~~~~~~~~~~~~~~~~~~~~~
~~~~~~~~~~~~~~~~~~~
    + CategoryInfo      
        : NotSpecified  
  : (Invoice Error: {   
 :String) [], Remote    
Exception
    + FullyQualifiedErr 
   orId : NativeComman  
  dError
 
  "message": "next is 
not a function",
  "stack": "TypeError: 
next is not a 
function\n    at 
model.<anonymous> (C:\\U
sers\\shaha\\Desktop\\AA
P\\backend\\models\\Invo
ice.js:35:5)\n    at 
Kareem.execPre (C:\\User
s\\shaha\\Desktop\\AAP\\
backend\\node_modules\\k
areem\\index.js:63:39)\n
    at model._execDocume
ntPreHooks (C:\\Users\\s
haha\\Desktop\\AAP\\back
end\\node_modules\\mongo
ose\\lib\\document.js:29
57:29)\n    at 
model.$__validate (C:\\U
sers\\shaha\\Desktop\\AA
P\\backend\\node_modules
\\mongoose\\lib\\documen
t.js:2974:28)\n    at 
model.validate (C:\\User
s\\shaha\\Desktop\\AAP\\
backend\\node_modules\\m
ongoose\\lib\\document.j
s:2672:16)\n    at model
.validateBeforeSave (C:\
\Users\\shaha\\Desktop\\
AAP\\backend\\node_modul
es\\mongoose\\lib\\plugi
ns\\validateBeforeSave.j
s:34:18)\n    at 
Kareem.execPre (C:\\User
s\\shaha\\Desktop\\AAP\\
backend\\node_modules\\k
areem\\index.js:63:39)\n
    at model._execDocume
ntPreHooks (C:\\Users\\s
haha\\Desktop\\AAP\\back
end\\node_modules\\mongo
ose\\lib\\document.js:29
57:29)\n    at 
model.$__save (C:\\Users
\\shaha\\Desktop\\AAP\\b
ackend\\node_modules\\mo
ngoose\\lib\\model.js:36
9:16)\n    at 
model.save (C:\\Users\\s
haha\\Desktop\\AAP\\back
end\\node_modules\\mongo
ose\\lib\\model.js:609:1
6)"
}
