--- Starting Invoice Return Validation Test ---
Login OK
Using Location: Front Desk
Created Sample: SMP-260127-1028
Created Invoice: INV-2601-0009
Testing Invalid Invoice Return...
PASS: Invalid Invoice rejected correctly (404)
Testing Valid Invoice Return...
